******************************************************************************
                  MSP430 Linker PC v16.9.3                     
******************************************************************************
>> Linked Sat Sep 30 19:02:14 2017

OUTPUT FILE NAME:   <teste_movimetacao_combate.out>
ENTRY POINT SYMBOL: "_c_int00_noargs_noexit"  address: 0000fe38


MEMORY CONFIGURATION

         name            origin    length      used     unused   attr    fill
----------------------  --------  ---------  --------  --------  ----  --------
  SFR                   00000000   00000010  00000000  00000010  RWIX
  PERIPHERALS_8BIT      00000010   000000f0  00000000  000000f0  RWIX
  PERIPHERALS_16BIT     00000100   00000100  00000000  00000100  RWIX
  RAM                   00000200   00000100  00000058  000000a8  RWIX
  INFOD                 00001000   00000040  00000000  00000040  RWIX
  INFOC                 00001040   00000040  00000000  00000040  RWIX
  INFOB                 00001080   00000040  00000000  00000040  RWIX
  INFOA                 000010c0   00000040  00000000  00000040  RWIX
  FLASH                 0000f800   000007de  000006d6  00000108  RWIX
  BSLSIGNATURE          0000ffde   00000002  00000002  00000000  RWIX  ffff 
  INT00                 0000ffe0   00000002  00000002  00000000  RWIX
  INT01                 0000ffe2   00000002  00000000  00000002  RWIX
  INT02                 0000ffe4   00000002  00000002  00000000  RWIX
  INT03                 0000ffe6   00000002  00000002  00000000  RWIX
  INT04                 0000ffe8   00000002  00000000  00000002  RWIX
  INT05                 0000ffea   00000002  00000002  00000000  RWIX
  INT06                 0000ffec   00000002  00000002  00000000  RWIX
  INT07                 0000ffee   00000002  00000002  00000000  RWIX
  INT08                 0000fff0   00000002  00000002  00000000  RWIX
  INT09                 0000fff2   00000002  00000002  00000000  RWIX
  INT10                 0000fff4   00000002  00000002  00000000  RWIX
  INT11                 0000fff6   00000002  00000002  00000000  RWIX
  INT12                 0000fff8   00000002  00000002  00000000  RWIX
  INT13                 0000fffa   00000002  00000002  00000000  RWIX
  INT14                 0000fffc   00000002  00000002  00000000  RWIX
  RESET                 0000fffe   00000002  00000002  00000000  RWIX


SECTION ALLOCATION MAP

 output                                  attributes/
section   page    origin      length       input sections
--------  ----  ----------  ----------   ----------------
.data      0    00000200    00000008     UNINITIALIZED
                  00000200    00000008     main.obj (.data)

.stack     0    000002b0    00000050     UNINITIALIZED
                  000002b0    00000002     rts430_eabi.lib : boot.obj (.stack)
                  000002b2    0000004e     --HOLE--

.text      0    0000f800    000006c6     
                  0000f800    0000030e     main.obj (.text:main)
                  0000fb0e    0000007c     rts430_eabi.lib : copy_decompress_lzss.obj (.text:decompress:lzss:__TI_decompress_lzss)
                  0000fb8a    0000006e                     : autoinit.obj (.text:_auto_init)
                  0000fbf8    00000068     main.obj (.text:Pulse_read)
                  0000fc60    0000005a     rts430_eabi.lib : cpy_tbl.obj (.text:copy_in)
                  0000fcba    00000058                     : div32u.obj (.text)
                  0000fd12    0000004c                     : lsr16.obj (.text)
                  0000fd5e    00000048     main.obj (.text:map)
                  0000fda6    00000040     rts430_eabi.lib : div32s.obj (.text)
                  0000fde6    0000002c                     : lsl16.obj (.text)
                  0000fe12    00000026                     : mult32.obj (.text)
                  0000fe38    0000001a                     : boot_special.obj (.text:_c_int00_noargs_noexit)
                  0000fe52    00000014                     : mult16.obj (.text)
                  0000fe66    00000012                     : copy_decompress_none.obj (.text:decompress:none:__TI_decompress_none)
                  0000fe78    00000012                     : memcpy.obj (.text:memcpy)
                  0000fe8a    00000010                     : epilog.obj (.text)
                  0000fe9a    0000000e     main.obj (.text:Fail_safe)
                  0000fea8    0000000a     rts430_eabi.lib : abs.obj (.text:abs)
                  0000feb2    00000008                     : isr_trap.obj (.text:_isr:__TI_ISR_TRAP)
                  0000feba    00000006                     : exit.obj (.text:abort)
                  0000fec0    00000004                     : pre_init.obj (.text:_system_pre_init)
                  0000fec4    00000002                     : startup.obj (.text:_system_post_cinit)

.cinit     0    0000fec6    00000010     
                  0000fec6    00000007     (.cinit..data.load) [load image, compression = lzss]
                  0000fecd    00000001     --HOLE-- [fill = 0]
                  0000fece    00000004     (__TI_handler_table)
                  0000fed2    00000004     (__TI_cinit_table)

.binit     0    0000f800    00000000     

.init_array 
*          0    0000f800    00000000     UNINITIALIZED

TRAPINT    0    0000ffe0    00000002     
                  0000ffe0    00000002     rts430_eabi.lib : int00.obj (.int00)

$fill000   0    0000ffde    00000002     
                  0000ffde    00000002     --HOLE-- [fill = ffff]

PORT1      0    0000ffe4    00000002     
                  0000ffe4    00000002     rts430_eabi.lib : int02.obj (.int02)

PORT2      0    0000ffe6    00000002     
                  0000ffe6    00000002     rts430_eabi.lib : int03.obj (.int03)

ADC10      0    0000ffea    00000002     
                  0000ffea    00000002     rts430_eabi.lib : int05.obj (.int05)

USCIAB0TX 
*          0    0000ffec    00000002     
                  0000ffec    00000002     rts430_eabi.lib : int06.obj (.int06)

USCIAB0RX 
*          0    0000ffee    00000002     
                  0000ffee    00000002     rts430_eabi.lib : int07.obj (.int07)

TIMER0_A1 
*          0    0000fff0    00000002     
                  0000fff0    00000002     rts430_eabi.lib : int08.obj (.int08)

TIMER0_A0 
*          0    0000fff2    00000002     
                  0000fff2    00000002     rts430_eabi.lib : int09.obj (.int09)

WDT        0    0000fff4    00000002     
                  0000fff4    00000002     rts430_eabi.lib : int10.obj (.int10)

COMPARATORA 
*          0    0000fff6    00000002     
                  0000fff6    00000002     rts430_eabi.lib : int11.obj (.int11)

TIMER1_A1 
*          0    0000fff8    00000002     
                  0000fff8    00000002     rts430_eabi.lib : int12.obj (.int12)

TIMER1_A0 
*          0    0000fffa    00000002     
                  0000fffa    00000002     rts430_eabi.lib : int13.obj (.int13)

NMI        0    0000fffc    00000002     
                  0000fffc    00000002     rts430_eabi.lib : int14.obj (.int14)

.reset     0    0000fffe    00000002     
                  0000fffe    00000002     rts430_eabi.lib : boot.obj (.reset)

MODULE SUMMARY

       Module                     code   ro data   rw data
       ------                     ----   -------   -------
    .\
       main.obj                   972    0         8      
    +--+--------------------------+------+---------+---------+
       Total:                     972    0         8      
                                                          
    C:\ti\ccsv7\tools\compiler\ti-cgt-msp430_16.9.3.LTS\lib\rts430_eabi.lib
       copy_decompress_lzss.obj   124    0         0      
       autoinit.obj               110    0         0      
       cpy_tbl.obj                90     0         0      
       div32u.obj                 88     0         0      
       lsr16.obj                  76     0         0      
       div32s.obj                 64     0         0      
       lsl16.obj                  44     0         0      
       mult32.obj                 38     0         0      
       boot_special.obj           26     0         0      
       mult16.obj                 20     0         0      
       copy_decompress_none.obj   18     0         0      
       memcpy.obj                 18     0         0      
       epilog.obj                 16     0         0      
       abs.obj                    10     0         0      
       isr_trap.obj               8      0         0      
       exit.obj                   6      0         0      
       pre_init.obj               4      0         0      
       boot.obj                   0      2         0      
       int00.obj                  0      2         0      
       int02.obj                  0      2         0      
       int03.obj                  0      2         0      
       int05.obj                  0      2         0      
       int06.obj                  0      2         0      
       int07.obj                  0      2         0      
       int08.obj                  0      2         0      
       int09.obj                  0      2         0      
       int10.obj                  0      2         0      
       int11.obj                  0      2         0      
       int12.obj                  0      2         0      
       int13.obj                  0      2         0      
       int14.obj                  0      2         0      
       startup.obj                2      0         0      
    +--+--------------------------+------+---------+---------+
       Total:                     762    28        0      
                                                          
       Stack:                     0      0         80     
       Linker Generated:          0      15        0      
    +--+--------------------------+------+---------+---------+
       Grand Total:               1734   43        88     


LINKER GENERATED COPY TABLES

__TI_cinit_table @ 0000fed2 records: 1, size/record: 4, table size: 4
	.data: load addr=0000fec6, load size=00000007 bytes, run addr=00000200, run size=00000008 bytes, compression=lzss


LINKER GENERATED HANDLER TABLE

__TI_handler_table @ 0000fece records: 2, size/record: 2, table size: 4
	index: 0, handler: __TI_decompress_lzss
	index: 1, handler: __TI_decompress_none


GLOBAL SYMBOLS: SORTED ALPHABETICALLY BY Name 

address   name                    
-------   ----                    
0000004a  ADC10AE0                
000001b0  ADC10CTL0               
000001b2  ADC10CTL1               
00000048  ADC10DTC0               
00000049  ADC10DTC1               
000001b4  ADC10MEM                
000001bc  ADC10SA                 
00000057  BCSCTL1                 
00000058  BCSCTL2                 
00000053  BCSCTL3                 
0000feba  C$$EXIT                 
00000059  CACTL1                  
0000005a  CACTL2                  
000010fb  CALBC1_12MHZ            
000010f9  CALBC1_16MHZ            
000010ff  CALBC1_1MHZ             
000010fd  CALBC1_8MHZ             
000010fa  CALDCO_12MHZ            
000010f8  CALDCO_16MHZ            
000010fe  CALDCO_1MHZ             
000010fc  CALDCO_8MHZ             
0000005b  CAPD                    
00000056  DCOCTL                  
00000128  FCTL1                   
0000012a  FCTL2                   
0000012c  FCTL3                   
0000fe9a  Fail_safe               
00000000  IE1                     
00000001  IE2                     
00000002  IFG1                    
00000003  IFG2                    
00000022  P1DIR                   
00000025  P1IE                    
00000024  P1IES                   
00000023  P1IFG                   
00000020  P1IN                    
00000021  P1OUT                   
00000027  P1REN                   
00000026  P1SEL                   
00000041  P1SEL2                  
0000002a  P2DIR                   
0000002d  P2IE                    
0000002c  P2IES                   
0000002b  P2IFG                   
00000028  P2IN                    
00000029  P2OUT                   
0000002f  P2REN                   
0000002e  P2SEL                   
00000042  P2SEL2                  
0000001a  P3DIR                   
00000018  P3IN                    
00000019  P3OUT                   
00000010  P3REN                   
0000001b  P3SEL                   
00000043  P3SEL2                  
00000200  Pulse_1                 
00000202  Pulse_2                 
0000fbf8  Pulse_read              
00000172  TA0CCR0                 
00000174  TA0CCR1                 
00000176  TA0CCR2                 
00000162  TA0CCTL0                
00000164  TA0CCTL1                
00000166  TA0CCTL2                
00000160  TA0CTL                  
0000012e  TA0IV                   
00000170  TA0R                    
00000192  TA1CCR0                 
00000194  TA1CCR1                 
00000196  TA1CCR2                 
00000182  TA1CCTL0                
00000184  TA1CCTL1                
00000186  TA1CCTL2                
00000180  TA1CTL                  
0000011e  TA1IV                   
00000190  TA1R                    
000010db  TLV_ADC10_1_LEN         
000010da  TLV_ADC10_1_TAG         
000010c0  TLV_CHECKSUM            
000010f7  TLV_DCO_30_LEN          
000010f6  TLV_DCO_30_TAG          
0000005d  UCA0ABCTL               
00000062  UCA0BR0                 
00000063  UCA0BR1                 
00000060  UCA0CTL0                
00000061  UCA0CTL1                
0000005f  UCA0IRRCTL              
0000005e  UCA0IRTCTL              
00000064  UCA0MCTL                
00000066  UCA0RXBUF               
00000065  UCA0STAT                
00000067  UCA0TXBUF               
0000006a  UCB0BR0                 
0000006b  UCB0BR1                 
00000068  UCB0CTL0                
00000069  UCB0CTL1                
0000006c  UCB0I2CIE               
00000118  UCB0I2COA               
0000011a  UCB0I2CSA               
0000006e  UCB0RXBUF               
0000006d  UCB0STAT                
0000006f  UCB0TXBUF               
00000120  WDTCTL                  
00000300  __STACK_END             
00000050  __STACK_SIZE            
UNDEFED   __TI_BINIT_Base         
UNDEFED   __TI_BINIT_Limit        
0000fed2  __TI_CINIT_Base         
0000fed6  __TI_CINIT_Limit        
0000fece  __TI_Handler_Table_Base 
0000fed2  __TI_Handler_Table_Limit
UNDEFED   __TI_INITARRAY_Base     
UNDEFED   __TI_INITARRAY_Limit    
0000feb2  __TI_ISR_TRAP           
0000fb0e  __TI_decompress_lzss    
0000fe66  __TI_decompress_none    
0000ffe0  __TI_int00              
0000ffe4  __TI_int02              
0000ffe6  __TI_int03              
0000ffea  __TI_int05              
0000ffec  __TI_int06              
0000ffee  __TI_int07              
0000fff0  __TI_int08              
0000fff2  __TI_int09              
0000fff4  __TI_int10              
0000fff6  __TI_int11              
0000fff8  __TI_int12              
0000fffa  __TI_int13              
0000fffc  __TI_int14              
ffffffff  __TI_pprof_out_hndl     
ffffffff  __TI_prof_data_size     
ffffffff  __TI_prof_data_start    
ffffffff  __c_args__              
0000fda6  __mspabi_divli          
0000fcba  __mspabi_divul          
0000fe96  __mspabi_func_epilog_1  
0000fe94  __mspabi_func_epilog_2  
0000fe92  __mspabi_func_epilog_3  
0000fe90  __mspabi_func_epilog_4  
0000fe8e  __mspabi_func_epilog_5  
0000fe8c  __mspabi_func_epilog_6  
0000fe8a  __mspabi_func_epilog_7  
0000fe52  __mspabi_mpyi           
0000fe52  __mspabi_mpyi_sw        
0000fe12  __mspabi_mpyl           
0000fe12  __mspabi_mpyl_sw        
0000fda6  __mspabi_remli          
0000fcba  __mspabi_remul          
0000fde6  __mspabi_slli           
0000fe0e  __mspabi_slli_1         
0000fdfc  __mspabi_slli_10        
0000fdfa  __mspabi_slli_11        
0000fdf8  __mspabi_slli_12        
0000fdf6  __mspabi_slli_13        
0000fdf4  __mspabi_slli_14        
0000fdf2  __mspabi_slli_15        
0000fe0c  __mspabi_slli_2         
0000fe0a  __mspabi_slli_3         
0000fe08  __mspabi_slli_4         
0000fe06  __mspabi_slli_5         
0000fe04  __mspabi_slli_6         
0000fe02  __mspabi_slli_7         
0000fe00  __mspabi_slli_8         
0000fdfe  __mspabi_slli_9         
0000fd12  __mspabi_srli           
0000fd58  __mspabi_srli_1         
0000fd34  __mspabi_srli_10        
0000fd30  __mspabi_srli_11        
0000fd2c  __mspabi_srli_12        
0000fd28  __mspabi_srli_13        
0000fd24  __mspabi_srli_14        
0000fd20  __mspabi_srli_15        
0000fd54  __mspabi_srli_2         
0000fd50  __mspabi_srli_3         
0000fd4c  __mspabi_srli_4         
0000fd48  __mspabi_srli_5         
0000fd44  __mspabi_srli_6         
0000fd40  __mspabi_srli_7         
0000fd3c  __mspabi_srli_8         
0000fd38  __mspabi_srli_9         
0000fb8a  _auto_init              
0000fe38  _c_int00_noargs_noexit  
0000fffe  _reset_vector           
000002b0  _stack                  
0000fec4  _system_post_cinit      
0000fec0  _system_pre_init        
0000feba  abort                   
0000fea8  abs                     
00000204  coord_X                 
00000206  coord_Y                 
0000fc60  copy_in                 
0000f800  main                    
0000fd5e  map                     
0000fe78  memcpy                  


GLOBAL SYMBOLS: SORTED BY Symbol Address 

address   name                    
-------   ----                    
00000000  IE1                     
00000001  IE2                     
00000002  IFG1                    
00000003  IFG2                    
00000010  P3REN                   
00000018  P3IN                    
00000019  P3OUT                   
0000001a  P3DIR                   
0000001b  P3SEL                   
00000020  P1IN                    
00000021  P1OUT                   
00000022  P1DIR                   
00000023  P1IFG                   
00000024  P1IES                   
00000025  P1IE                    
00000026  P1SEL                   
00000027  P1REN                   
00000028  P2IN                    
00000029  P2OUT                   
0000002a  P2DIR                   
0000002b  P2IFG                   
0000002c  P2IES                   
0000002d  P2IE                    
0000002e  P2SEL                   
0000002f  P2REN                   
00000041  P1SEL2                  
00000042  P2SEL2                  
00000043  P3SEL2                  
00000048  ADC10DTC0               
00000049  ADC10DTC1               
0000004a  ADC10AE0                
00000050  __STACK_SIZE            
00000053  BCSCTL3                 
00000056  DCOCTL                  
00000057  BCSCTL1                 
00000058  BCSCTL2                 
00000059  CACTL1                  
0000005a  CACTL2                  
0000005b  CAPD                    
0000005d  UCA0ABCTL               
0000005e  UCA0IRTCTL              
0000005f  UCA0IRRCTL              
00000060  UCA0CTL0                
00000061  UCA0CTL1                
00000062  UCA0BR0                 
00000063  UCA0BR1                 
00000064  UCA0MCTL                
00000065  UCA0STAT                
00000066  UCA0RXBUF               
00000067  UCA0TXBUF               
00000068  UCB0CTL0                
00000069  UCB0CTL1                
0000006a  UCB0BR0                 
0000006b  UCB0BR1                 
0000006c  UCB0I2CIE               
0000006d  UCB0STAT                
0000006e  UCB0RXBUF               
0000006f  UCB0TXBUF               
00000118  UCB0I2COA               
0000011a  UCB0I2CSA               
0000011e  TA1IV                   
00000120  WDTCTL                  
00000128  FCTL1                   
0000012a  FCTL2                   
0000012c  FCTL3                   
0000012e  TA0IV                   
00000160  TA0CTL                  
00000162  TA0CCTL0                
00000164  TA0CCTL1                
00000166  TA0CCTL2                
00000170  TA0R                    
00000172  TA0CCR0                 
00000174  TA0CCR1                 
00000176  TA0CCR2                 
00000180  TA1CTL                  
00000182  TA1CCTL0                
00000184  TA1CCTL1                
00000186  TA1CCTL2                
00000190  TA1R                    
00000192  TA1CCR0                 
00000194  TA1CCR1                 
00000196  TA1CCR2                 
000001b0  ADC10CTL0               
000001b2  ADC10CTL1               
000001b4  ADC10MEM                
000001bc  ADC10SA                 
00000200  Pulse_1                 
00000202  Pulse_2                 
00000204  coord_X                 
00000206  coord_Y                 
000002b0  _stack                  
00000300  __STACK_END             
000010c0  TLV_CHECKSUM            
000010da  TLV_ADC10_1_TAG         
000010db  TLV_ADC10_1_LEN         
000010f6  TLV_DCO_30_TAG          
000010f7  TLV_DCO_30_LEN          
000010f8  CALDCO_16MHZ            
000010f9  CALBC1_16MHZ            
000010fa  CALDCO_12MHZ            
000010fb  CALBC1_12MHZ            
000010fc  CALDCO_8MHZ             
000010fd  CALBC1_8MHZ             
000010fe  CALDCO_1MHZ             
000010ff  CALBC1_1MHZ             
0000f800  main                    
0000fb0e  __TI_decompress_lzss    
0000fb8a  _auto_init              
0000fbf8  Pulse_read              
0000fc60  copy_in                 
0000fcba  __mspabi_divul          
0000fcba  __mspabi_remul          
0000fd12  __mspabi_srli           
0000fd20  __mspabi_srli_15        
0000fd24  __mspabi_srli_14        
0000fd28  __mspabi_srli_13        
0000fd2c  __mspabi_srli_12        
0000fd30  __mspabi_srli_11        
0000fd34  __mspabi_srli_10        
0000fd38  __mspabi_srli_9         
0000fd3c  __mspabi_srli_8         
0000fd40  __mspabi_srli_7         
0000fd44  __mspabi_srli_6         
0000fd48  __mspabi_srli_5         
0000fd4c  __mspabi_srli_4         
0000fd50  __mspabi_srli_3         
0000fd54  __mspabi_srli_2         
0000fd58  __mspabi_srli_1         
0000fd5e  map                     
0000fda6  __mspabi_divli          
0000fda6  __mspabi_remli          
0000fde6  __mspabi_slli           
0000fdf2  __mspabi_slli_15        
0000fdf4  __mspabi_slli_14        
0000fdf6  __mspabi_slli_13        
0000fdf8  __mspabi_slli_12        
0000fdfa  __mspabi_slli_11        
0000fdfc  __mspabi_slli_10        
0000fdfe  __mspabi_slli_9         
0000fe00  __mspabi_slli_8         
0000fe02  __mspabi_slli_7         
0000fe04  __mspabi_slli_6         
0000fe06  __mspabi_slli_5         
0000fe08  __mspabi_slli_4         
0000fe0a  __mspabi_slli_3         
0000fe0c  __mspabi_slli_2         
0000fe0e  __mspabi_slli_1         
0000fe12  __mspabi_mpyl           
0000fe12  __mspabi_mpyl_sw        
0000fe38  _c_int00_noargs_noexit  
0000fe52  __mspabi_mpyi           
0000fe52  __mspabi_mpyi_sw        
0000fe66  __TI_decompress_none    
0000fe78  memcpy                  
0000fe8a  __mspabi_func_epilog_7  
0000fe8c  __mspabi_func_epilog_6  
0000fe8e  __mspabi_func_epilog_5  
0000fe90  __mspabi_func_epilog_4  
0000fe92  __mspabi_func_epilog_3  
0000fe94  __mspabi_func_epilog_2  
0000fe96  __mspabi_func_epilog_1  
0000fe9a  Fail_safe               
0000fea8  abs                     
0000feb2  __TI_ISR_TRAP           
0000feba  C$$EXIT                 
0000feba  abort                   
0000fec0  _system_pre_init        
0000fec4  _system_post_cinit      
0000fece  __TI_Handler_Table_Base 
0000fed2  __TI_CINIT_Base         
0000fed2  __TI_Handler_Table_Limit
0000fed6  __TI_CINIT_Limit        
0000ffe0  __TI_int00              
0000ffe4  __TI_int02              
0000ffe6  __TI_int03              
0000ffea  __TI_int05              
0000ffec  __TI_int06              
0000ffee  __TI_int07              
0000fff0  __TI_int08              
0000fff2  __TI_int09              
0000fff4  __TI_int10              
0000fff6  __TI_int11              
0000fff8  __TI_int12              
0000fffa  __TI_int13              
0000fffc  __TI_int14              
0000fffe  _reset_vector           
ffffffff  __TI_pprof_out_hndl     
ffffffff  __TI_prof_data_size     
ffffffff  __TI_prof_data_start    
ffffffff  __c_args__              
UNDEFED   __TI_BINIT_Base         
UNDEFED   __TI_BINIT_Limit        
UNDEFED   __TI_INITARRAY_Base     
UNDEFED   __TI_INITARRAY_Limit    

[194 symbols]
